iteration_after_merge.c: 15
iteration_after_merge.c: 14
