* TODO [[view:tests/iteration.c::face=ovl-face1::linb=6::colb=4::cole=5][call tests/iteration.c::6]]
