* TODO [[view:tests/python_iteration.c::face=ovl-face1::linb=6::colb=4::cole=5][call tests/python_iteration.c::6]]
